../Core/Src/main.c:71:5:main	16	static
../Core/Src/main.c:113:6:TIM2_Init	88	static
../Core/Src/main.c:126:6:HAL_TIM_PeriodElapsedCallback	16	static
../Core/Src/main.c:131:6:software_delay	24	static,ignoring_inline_asm
../Core/Src/main.c:140:6:assign_code_word	24	static
../Core/Src/main.c:147:6:initialize_code_word	24	static
../Core/Src/main.c:155:6:Three_Phase_Motor	48	static
../Core/Src/main.c:231:6:single_ph_motor	32	static
../Core/Src/main.c:288:6:motors_temp	112	static
../Core/Src/main.c:354:6:mq_sensors	32	static
../Core/Src/main.c:422:6:UART_Print	16	static
../Core/Src/main.c:427:10:Read_ADC_Channel	48	static
../Core/Src/main.c:450:7:Convert_ADC_to_Percentage	24	static
../Core/Src/main.c:455:7:Convert_ADC_to_Current	40	static
../Core/Src/main.c:468:7:Convert_ADC_to_Temperature	24	static
../Core/Src/main.c:473:6:FloatToString1	48	static
../Core/Src/main.c:480:7:Convert_ADC_to_MainsVoltage	40	static
../Core/Src/main.c:494:6:print_date_time	112	static
../Core/Src/main.c:509:6:MPU_6050	24	static
../Core/Src/main.c:536:6:SystemClock_Config	88	static
../Core/Src/main.c:572:6:Error_Handler	4	static,ignoring_inline_asm
